
================================================================================
python : Traceback (most recent call last):
At line:1 char:59
+ ... ding]::UTF8; python -u test_dkt_api.py > 
test_output.txt 2>&1; Get-Co ...
+                  
~~~~~~~~~~~~~~~~~~~~~~~~~~~~~~~~~~~~~~~~~~~~~~~~
    + CategoryInfo          : NotSpecified: (Traceback (m 
   ost recent call last)::String) [], RemoteException
    + FullyQualifiedErrorId : NativeCommandError
 
  File "C:\Users\GWENJE\Downloads\NerdX 
Antigravity\NerdX\test_dkt_api.py", line 217, in <module>
    run_all_tests()
  File "C:\Users\GWENJE\Downloads\NerdX 
Antigravity\NerdX\test_dkt_api.py", line 179, in 
run_all_tests
    print("\U0001f9ea DEEP KNOWLEDGE TRACING API TESTS")
  File "C:\Program 
Files\Python311\Lib\encodings\cp1252.py", line 19, in 
encode
    return 
codecs.charmap_encode(input,self.errors,encoding_table)[0]
           
^^^^^^^^^^^^^^^^^^^^^^^^^^^^^^^^^^^^^^^^^^^^^^^^^^^^^^^
UnicodeEncodeError: 'charmap' codec can't encode 
character '\U0001f9ea' in position 0: character maps to 
<undefined>
